#-----------------------------------------------------------
# Vivado v2023.1 (64-bit)
# SW Build 3865809 on Sun May  7 15:05:29 MDT 2023
# IP Build 3864474 on Sun May  7 20:36:21 MDT 2023
# SharedData Build 3865790 on Sun May 07 13:33:03 MDT 2023
# Start of session at: Mon Jan 20 17:47:51 2025
# Process ID: 19828
# Current directory: C:/Users/deros/Downloads/3.2_riconoscitore_sequenza_su_board/3.2_riconoscitore_sequenza_su_board/3.2_riconoscitore_sequenza_su_board.runs/impl_1
# Command line: vivado.exe -log control_unit.vdi -applog -product Vivado -messageDb vivado.pb -mode batch -source control_unit.tcl -notrace
# Log file: C:/Users/deros/Downloads/3.2_riconoscitore_sequenza_su_board/3.2_riconoscitore_sequenza_su_board/3.2_riconoscitore_sequenza_su_board.runs/impl_1/control_unit.vdi
# Journal file: C:/Users/deros/Downloads/3.2_riconoscitore_sequenza_su_board/3.2_riconoscitore_sequenza_su_board/3.2_riconoscitore_sequenza_su_board.runs/impl_1\vivado.jou
# Running On: GIOVANNA, OS: Windows, CPU Frequency: 2995 MHz, CPU Physical cores: 2, Host memory: 8379 MB
#-----------------------------------------------------------
source control_unit.tcl -notrace
