#-----------------------------------------------------------
# Vivado v2023.1 (64-bit)
# SW Build 3865809 on Sun May  7 15:05:29 MDT 2023
# IP Build 3864474 on Sun May  7 20:36:21 MDT 2023
# SharedData Build 3865790 on Sun May 07 13:33:03 MDT 2023
# Start of session at: Mon Nov 25 11:16:16 2024
# Process ID: 4708
# Current directory: C:/Users/corra/Desktop/Elaborato/Progetto1/MUX16_1_DEMUX_4_1_BOARD/MUX16_1_DEMUX_4_1_BOARD.runs/synth_1
# Command line: vivado.exe -log RETE_INTERCONNESSIONE_BOARD.vds -product Vivado -mode batch -messageDb vivado.pb -notrace -source RETE_INTERCONNESSIONE_BOARD.tcl
# Log file: C:/Users/corra/Desktop/Elaborato/Progetto1/MUX16_1_DEMUX_4_1_BOARD/MUX16_1_DEMUX_4_1_BOARD.runs/synth_1/RETE_INTERCONNESSIONE_BOARD.vds
# Journal file: C:/Users/corra/Desktop/Elaborato/Progetto1/MUX16_1_DEMUX_4_1_BOARD/MUX16_1_DEMUX_4_1_BOARD.runs/synth_1\vivado.jou
# Running On: LAPTOP-IUC6KUAA, OS: Windows, CPU Frequency: 2803 MHz, CPU Physical cores: 4, Host memory: 16856 MB
#-----------------------------------------------------------
source RETE_INTERCONNESSIONE_BOARD.tcl -notrace
