#-----------------------------------------------------------
# Vivado v2023.1 (64-bit)
# SW Build 3865809 on Sun May  7 15:05:29 MDT 2023
# IP Build 3864474 on Sun May  7 20:36:21 MDT 2023
# SharedData Build 3865790 on Sun May 07 13:33:03 MDT 2023
# Start of session at: Mon Nov 18 13:20:54 2024
# Process ID: 7296
# Current directory: C:/Users/corra/Desktop/Elaborato/MUX16_1_DEMUX_4_1
# Command line: vivado.exe -gui_launcher_event rodinguilauncherevent19332 C:\Users\corra\Desktop\Elaborato\MUX16_1_DEMUX_4_1\MUX16_1_DEMUX_4_1.xpr
# Log file: C:/Users/corra/Desktop/Elaborato/MUX16_1_DEMUX_4_1/vivado.log
# Journal file: C:/Users/corra/Desktop/Elaborato/MUX16_1_DEMUX_4_1\vivado.jou
# Running On: LAPTOP-IUC6KUAA, OS: Windows, CPU Frequency: 2803 MHz, CPU Physical cores: 4, Host memory: 16856 MB
#-----------------------------------------------------------
start_gui
open_project C:/Users/corra/Desktop/Elaborato/MUX16_1_DEMUX_4_1/MUX16_1_DEMUX_4_1.xpr
update_compile_order -fileset sources_1
open_project C:/Users/corra/Desktop/Vivado_Projects/11_INPUT_UNIT_DISPLAY/11_INPUT_UNIT_DISPLAY.xpr
update_compile_order -fileset sources_1
create_project MUX16_1_DEMUX_4_1_BOARD C:/Users/corra/Desktop/Vivado_Projects/MUX16_1_DEMUX_4_1_BOARD -part xc7a12ticsg325-1L
add_files -norecurse {C:/Users/corra/Desktop/Elaborato/MUX_16_1/MUX_16_1.srcs/sources_1/new/MUX_16_1.vhd C:/Users/corra/Desktop/Elaborato/MUX16_1_DEMUX_4_1/MUX16_1_DEMUX_4_1.srcs/sources_1/new/RETE_DI_INTERCONNESSIONE.vhd C:/Users/corra/Desktop/Elaborato/DEMUX_1_4/DEMUX_1_4.srcs/sources_1/new/DEMUX_1_4.vhd}
add_files -fileset constrs_1 -norecurse C:/Users/corra/Desktop/Vivado_Projects/11_INPUT_UNIT_DISPLAY/11_INPUT_UNIT_DISPLAY.srcs/constrs_1/imports/digilent-xdc-master/Nexys-A7-100T-Master.xdc
update_compile_order -fileset sources_1
close_project
current_project MUX16_1_DEMUX_4_1
current_project 11_INPUT_UNIT_DISPLAY
current_project MUX16_1_DEMUX_4_1
current_project 11_INPUT_UNIT_DISPLAY
close_project
