#-----------------------------------------------------------
# Vivado v2023.1 (64-bit)
# SW Build 3865809 on Sun May  7 15:05:29 MDT 2023
# IP Build 3864474 on Sun May  7 20:36:21 MDT 2023
# SharedData Build 3865790 on Sun May 07 13:33:03 MDT 2023
# Start of session at: Wed Jan 29 12:23:31 2025
# Process ID: 20616
# Current directory: C:/Users/corra/Desktop/Digital Sysetms Architecture Projects/Comunicazione_Seriale
# Command line: vivado.exe -gui_launcher_event rodinguilauncherevent6228 C:\Users\corra\Desktop\Digital Sysetms Architecture Projects\Comunicazione_Seriale\Comunicazione_Seriale.xpr
# Log file: C:/Users/corra/Desktop/Digital Sysetms Architecture Projects/Comunicazione_Seriale/vivado.log
# Journal file: C:/Users/corra/Desktop/Digital Sysetms Architecture Projects/Comunicazione_Seriale\vivado.jou
# Running On: LAPTOP-IUC6KUAA, OS: Windows, CPU Frequency: 2803 MHz, CPU Physical cores: 4, Host memory: 16856 MB
#-----------------------------------------------------------
start_gui
open_project {C:/Users/corra/Desktop/Digital Sysetms Architecture Projects/Comunicazione_Seriale/Comunicazione_Seriale.xpr}
update_compile_order -fileset sources_1
update_compile_order -fileset sources_1
update_compile_order -fileset sources_1
synth_design -top Comunicazione_seriale -part xc7a100tcsg324-1 -lint 
launch_simulation
source tb.tcl
relaunch_sim
relaunch_sim
relaunch_sim
relaunch_sim
synth_design -top Comunicazione_seriale -part xc7a100tcsg324-1 -lint 
relaunch_sim
relaunch_sim
close_sim
launch_simulation
source tb.tcl
relaunch_sim
relaunch_sim
relaunch_sim
relaunch_sim
relaunch_sim
relaunch_sim
relaunch_sim
relaunch_sim
relaunch_sim
relaunch_sim
relaunch_sim
relaunch_sim
save_wave_config {C:/Users/corra/Desktop/Digital Sysetms Architecture Projects/Comunicazione_Seriale/tb_behav.wcfg}
add_files -fileset sim_1 -norecurse {{C:/Users/corra/Desktop/Digital Sysetms Architecture Projects/Comunicazione_Seriale/tb_behav.wcfg}}
set_property xsim.view {{C:/Users/corra/Desktop/Digital Sysetms Architecture Projects/Comunicazione_Seriale/tb_behav.wcfg}} [get_filesets sim_1]
close_sim
launch_simulation
open_wave_config {C:/Users/corra/Desktop/Digital Sysetms Architecture Projects/Comunicazione_Seriale/tb_behav.wcfg}
source tb.tcl
run 100 us
close_sim
launch_simulation
open_wave_config {C:/Users/corra/Desktop/Digital Sysetms Architecture Projects/Comunicazione_Seriale/tb_behav.wcfg}
source tb.tcl
run 100 us
run 10000 us
run 1000000000 us
close_sim
launch_simulation
open_wave_config {C:/Users/corra/Desktop/Digital Sysetms Architecture Projects/Comunicazione_Seriale/tb_behav.wcfg}
source tb.tcl
run 100000 us
synth_design -top Comunicazione_seriale -part xc7a100tcsg324-1 -lint 
synth_design -top Comunicazione_seriale -part xc7a100tcsg324-1 -lint 
close_sim
launch_simulation
open_wave_config {C:/Users/corra/Desktop/Digital Sysetms Architecture Projects/Comunicazione_Seriale/tb_behav.wcfg}
source tb.tcl
close_sim
launch_simulation
open_wave_config {C:/Users/corra/Desktop/Digital Sysetms Architecture Projects/Comunicazione_Seriale/tb_behav.wcfg}
source tb.tcl
run 100000 us
run 100 us
synth_design -top Comunicazione_seriale -part xc7a100tcsg324-1 -lint 
relaunch_sim
synth_design -top Comunicazione_seriale -part xc7a100tcsg324-1 -lint 
close_sim
launch_simulation
open_wave_config {C:/Users/corra/Desktop/Digital Sysetms Architecture Projects/Comunicazione_Seriale/tb_behav.wcfg}
source tb.tcl
run 100 us
run 100us
run 100 us
run 1000 us
run 100000 us
close_sim
launch_simulation
open_wave_config {C:/Users/corra/Desktop/Digital Sysetms Architecture Projects/Comunicazione_Seriale/tb_behav.wcfg}
source tb.tcl
run 100 us
run 1 ms
run 100 ms
close_sim
launch_simulation
open_wave_config {C:/Users/corra/Desktop/Digital Sysetms Architecture Projects/Comunicazione_Seriale/tb_behav.wcfg}
source tb.tcl
run 100 uw
run 100 us
close_sim
launch_simulation
open_wave_config {C:/Users/corra/Desktop/Digital Sysetms Architecture Projects/Comunicazione_Seriale/tb_behav.wcfg}
source tb.tcl
run 100 ms
close_sim
launch_simulation
open_wave_config {C:/Users/corra/Desktop/Digital Sysetms Architecture Projects/Comunicazione_Seriale/tb_behav.wcfg}
source tb.tcl
run 100 us
run 1 ms
run 100 us
run 1000 us
relaunch_sim
run 1000 us
run 10 ms
synth_design -top Comunicazione_seriale -part xc7a100tcsg324-1 -lint 
close_sim
launch_simulation
open_wave_config {C:/Users/corra/Desktop/Digital Sysetms Architecture Projects/Comunicazione_Seriale/tb_behav.wcfg}
source tb.tcl
run 1 ms
run 10 ms
run 1000000 us
