#-----------------------------------------------------------
# Vivado v2023.1 (64-bit)
# SW Build 3865809 on Sun May  7 15:05:29 MDT 2023
# IP Build 3864474 on Sun May  7 20:36:21 MDT 2023
# SharedData Build 3865790 on Sun May 07 13:33:03 MDT 2023
# Start of session at: Wed Oct 30 23:57:29 2024
# Process ID: 9464
# Current directory: C:/Users/corra/Desktop/Elaborato/M_MACHINE
# Command line: vivado.exe -gui_launcher_event rodinguilauncherevent21880 C:\Users\corra\Desktop\Elaborato\M_MACHINE\M_MACHINE.xpr
# Log file: C:/Users/corra/Desktop/Elaborato/M_MACHINE/vivado.log
# Journal file: C:/Users/corra/Desktop/Elaborato/M_MACHINE\vivado.jou
# Running On: LAPTOP-IUC6KUAA, OS: Windows, CPU Frequency: 2803 MHz, CPU Physical cores: 4, Host memory: 16856 MB
#-----------------------------------------------------------
start_gui
open_project C:/Users/corra/Desktop/Elaborato/M_MACHINE/M_MACHINE.xpr
update_compile_order -fileset sources_1
file mkdir C:/Users/corra/Desktop/Elaborato/M_MACHINE/M_MACHINE.srcs/sim_1/new
set_property SOURCE_SET sources_1 [get_filesets sim_1]
close [ open C:/Users/corra/Desktop/Elaborato/M_MACHINE/M_MACHINE.srcs/sim_1/new/tb_M_MACHINE.vhd w ]
add_files -fileset sim_1 C:/Users/corra/Desktop/Elaborato/M_MACHINE/M_MACHINE.srcs/sim_1/new/tb_M_MACHINE.vhd
update_compile_order -fileset sim_1
update_compile_order -fileset sim_1
launch_simulation
source tb_M_MACHINE.tcl
save_wave_config {C:/Users/corra/Desktop/Elaborato/M_MACHINE/tb_M_MACHINE_behav.wcfg}
add_files -fileset sim_1 -norecurse C:/Users/corra/Desktop/Elaborato/M_MACHINE/tb_M_MACHINE_behav.wcfg
set_property xsim.view C:/Users/corra/Desktop/Elaborato/M_MACHINE/tb_M_MACHINE_behav.wcfg [get_filesets sim_1]
close_sim
close_project
open_project C:/Users/corra/Desktop/Elaborato/ROM_M_MACHINE/ROM_M_MACHINE.xpr
update_compile_order -fileset sources_1
file mkdir C:/Users/corra/Desktop/Elaborato/ROM_M_MACHINE/ROM_M_MACHINE.srcs/sim_1/new
set_property SOURCE_SET sources_1 [get_filesets sim_1]
close [ open C:/Users/corra/Desktop/Elaborato/ROM_M_MACHINE/ROM_M_MACHINE.srcs/sim_1/new/tb_ROM_M_MACHINE.vhd w ]
add_files -fileset sim_1 C:/Users/corra/Desktop/Elaborato/ROM_M_MACHINE/ROM_M_MACHINE.srcs/sim_1/new/tb_ROM_M_MACHINE.vhd
update_compile_order -fileset sim_1
update_compile_order -fileset sim_1
launch_simulation
source tb_ROM_M_MACHINE.tcl
save_wave_config {C:/Users/corra/Desktop/Elaborato/ROM_M_MACHINE/tb_ROM_M_MACHINE_behav.wcfg}
add_files -fileset sim_1 -norecurse C:/Users/corra/Desktop/Elaborato/ROM_M_MACHINE/tb_ROM_M_MACHINE_behav.wcfg
set_property xsim.view C:/Users/corra/Desktop/Elaborato/ROM_M_MACHINE/tb_ROM_M_MACHINE_behav.wcfg [get_filesets sim_1]
close_sim
