#-----------------------------------------------------------
# Vivado v2023.1 (64-bit)
# SW Build 3865809 on Sun May  7 15:05:29 MDT 2023
# IP Build 3864474 on Sun May  7 20:36:21 MDT 2023
# SharedData Build 3865790 on Sun May 07 13:33:03 MDT 2023
# Start of session at: Mon Dec  2 12:18:45 2024
# Process ID: 24524
# Current directory: C:/VivadoProject/Progetto2/ROM_M_MACHINE
# Command line: vivado.exe -gui_launcher_event rodinguilauncherevent14124 C:\VivadoProject\Progetto2\ROM_M_MACHINE\ROM_M_MACHINE.xpr
# Log file: C:/VivadoProject/Progetto2/ROM_M_MACHINE/vivado.log
# Journal file: C:/VivadoProject/Progetto2/ROM_M_MACHINE\vivado.jou
# Running On: GIOVANNA, OS: Windows, CPU Frequency: 2995 MHz, CPU Physical cores: 2, Host memory: 8379 MB
#-----------------------------------------------------------
start_gui
open_project C:/VivadoProject/Progetto2/ROM_M_MACHINE/ROM_M_MACHINE.xpr
update_compile_order -fileset sources_1
export_ip_user_files -of_objects  [get_files C:/Users/deros/OneDrive/Desktop/digilent-xdc-master/Nexys-A7-100T-Master.xdc] -no_script -reset -force -quiet
remove_files  -fileset constrs_1 C:/Users/deros/OneDrive/Desktop/digilent-xdc-master/Nexys-A7-100T-Master.xdc
close_project
create_project Progetto_2.1 C:/VivadoProject/Progetto_2.1 -part xc7a12ticsg325-1L
file mkdir C:/VivadoProject/Progetto_2.1/Progetto_2.1.srcs/sources_1/new
set_property target_language VHDL [current_project]
close [ open C:/VivadoProject/Progetto_2.1/Progetto_2.1.srcs/sources_1/new/TOP_MODULE.vhd w ]
add_files C:/VivadoProject/Progetto_2.1/Progetto_2.1.srcs/sources_1/new/TOP_MODULE.vhd
add_files -fileset constrs_1 -norecurse C:/Users/deros/OneDrive/Desktop/digilent-xdc-master/Nexys-A7-100T-Master.xdc
update_compile_order -fileset sources_1
add_files -norecurse {C:/VivadoProject/Progetto2/M_MACHINE/M_MACHINE.srcs/sources_1/new/M_MACHINE.vhd C:/VivadoProject/Progetto2/ROM_16_8/ROM_16_8.srcs/sources_1/new/ROM_16_8.vhd C:/VivadoProject/Progetto2/ENCODER_4_2/ENCODER_4_2.srcs/sources_1/new/ENCODER_4_2.vhd C:/VivadoProject/Progetto2/ROM_M_MACHINE/ROM_M_MACHINE.srcs/sources_1/new/ROM_M_MACHINE.vhd}
update_compile_order -fileset sources_1
update_compile_order -fileset sources_1
# Disabling source management mode.  This is to allow the top design properties to be set without GUI intervention.
set_property source_mgmt_mode None [current_project]
set_property top TOP_MODULE [current_fileset]
# Re-enabling previously disabled source management mode.
set_property source_mgmt_mode All [current_project]
update_compile_order -fileset sources_1
update_compile_order -fileset sources_1
launch_runs synth_1 -jobs 2
wait_on_run synth_1
launch_runs impl_1 -jobs 2
wait_on_run impl_1
reset_run synth_1
launch_runs synth_1 -jobs 2
wait_on_run synth_1
launch_runs impl_1 -jobs 2
wait_on_run impl_1
launch_runs impl_1 -to_step write_bitstream -jobs 2
wait_on_run impl_1
copy_run -name synth_1_copy_1 [get_runs synth_1] 
set_property board_part digilentinc.com:nexys-a7-100t:part0:1.3 [current_project]
reset_run synth_1
launch_runs synth_1 -jobs 2
wait_on_run synth_1
launch_runs impl_1 -jobs 2
wait_on_run impl_1
launch_runs impl_1 -to_step write_bitstream -jobs 2
wait_on_run impl_1
open_hw_manager
connect_hw_server -allow_non_jtag
open_hw_target
set_property PROGRAM.FILE {C:/VivadoProject/Progetto_2.1/Progetto_2.1.runs/impl_1/TOP_MODULE.bit} [get_hw_devices xc7a100t_0]
current_hw_device [get_hw_devices xc7a100t_0]
refresh_hw_device -update_hw_probes false [lindex [get_hw_devices xc7a100t_0] 0]
set_property PROBES.FILE {} [get_hw_devices xc7a100t_0]
set_property FULL_PROBES.FILE {} [get_hw_devices xc7a100t_0]
set_property PROGRAM.FILE {C:/VivadoProject/Progetto_2.1/Progetto_2.1.runs/impl_1/TOP_MODULE.bit} [get_hw_devices xc7a100t_0]
program_hw_devices [get_hw_devices xc7a100t_0]
refresh_hw_device [lindex [get_hw_devices xc7a100t_0] 0]
close_hw_manager
close_project
open_project C:/VivadoProject/Progetto2/ROM_M_MACHINE/ROM_M_MACHINE.xpr
update_compile_order -fileset sources_1
add_files -fileset constrs_1 -norecurse C:/Users/deros/OneDrive/Desktop/digilent-xdc-master/Nexys-A7-100T-Master.xdc
copy_run -name impl_1_copy_1 [get_runs impl_1] -parent_run synth_1
set_property board_part digilentinc.com:nexys-a7-100t:part0:1.3 [current_project]
reset_run synth_1
launch_runs synth_1 -jobs 2
wait_on_run synth_1
launch_runs impl_1 -jobs 2
wait_on_run impl_1
launch_runs impl_1 -to_step write_bitstream -jobs 2
wait_on_run impl_1
open_hw_manager
connect_hw_server -allow_non_jtag
open_hw_target
set_property PROGRAM.FILE {C:/VivadoProject/Progetto2/ROM_M_MACHINE/ROM_M_MACHINE.runs/impl_1/ROM_M_MACHINE.bit} [get_hw_devices xc7a100t_0]
current_hw_device [get_hw_devices xc7a100t_0]
refresh_hw_device -update_hw_probes false [lindex [get_hw_devices xc7a100t_0] 0]
set_property PROBES.FILE {} [get_hw_devices xc7a100t_0]
set_property FULL_PROBES.FILE {} [get_hw_devices xc7a100t_0]
set_property PROGRAM.FILE {C:/VivadoProject/Progetto2/ROM_M_MACHINE/ROM_M_MACHINE.runs/impl_1/ROM_M_MACHINE.bit} [get_hw_devices xc7a100t_0]
program_hw_devices [get_hw_devices xc7a100t_0]
refresh_hw_device [lindex [get_hw_devices xc7a100t_0] 0]
close_hw_manager
close_project
